// Jest Snapshot v1, https://goo.gl/fbAQLP

exports[`测试Switch Switch可以正常渲染 1`] = `
<DocumentFragment>
  <div
    class="g-switch"
  >
    <div
      class="g-switch-toggle-wrapper"
    >
      <div
        class="g-switch-toggle"
      />
    </div>
  </div>
</DocumentFragment>
`;
